Testing strict mode...
[DATASET] Loaded 470 players from C:\Users\satya\Desktop\ipl-auction\data\players.json
[DATASET] Using strict validation for 470 players
Testing relaxed mode...
[DATASET] Loaded 470 players from C:\Users\satya\Desktop\ipl-auction\data\players.json
[DATASET] Using relaxed validation for 470 players
